2026-02-17 11:42:53 - INFO - Pipeline started.
2026-02-17 11:42:53 - INFO - Step 1: Running Scraper...
2026-02-17 11:43:13 - INFO - Scraper completed.
2026-02-17 11:43:13 - INFO - Step 2: Checking Data Quality...
2026-02-17 11:43:13 - INFO - Data Quality Check completed.
2026-02-17 11:43:13 - INFO - Checking retraining conditions...
2026-02-17 11:43:13 - INFO - Retraining needed: No metadata found (first run?).
2026-02-17 11:43:13 - INFO - Step 3: Running Model Training...
2026-02-17 11:43:18 - INFO - Model training completed.
2026-02-17 11:43:18 - INFO - Step 4: Running Prediction...
2026-02-17 11:43:19 - INFO - Prediction completed.
2026-02-17 11:43:19 - INFO - Pipeline finished successfully.
2026-02-17 11:43:38 - INFO - Pipeline started.
2026-02-17 11:43:38 - INFO - Step 1: Running Scraper...
2026-02-17 11:44:00 - INFO - Scraper completed.
2026-02-17 11:44:00 - INFO - Step 2: Checking Data Quality...
2026-02-17 11:44:00 - INFO - Data Quality Check completed.
2026-02-17 11:44:00 - INFO - Checking retraining conditions...
2026-02-17 11:44:00 - INFO - Time condition not met: Only 0 days since last training.
2026-02-17 11:44:00 - INFO - Step 3: Skipping Training (No significant new data or drift).
2026-02-17 11:44:00 - INFO - Step 4: Running Prediction...
2026-02-17 11:44:01 - INFO - Prediction completed.
2026-02-17 11:44:01 - INFO - Pipeline finished successfully.
2026-02-17 11:52:40 - INFO - health_check - Running system health check...
2026-02-17 11:52:40 - INFO - health_check - Health check complete. Status: HEALTHY. Report saved to D:\Project\inflation-basket-tracker\inflation-basket\logs\health_report.txt
2026-02-17 11:52:44 - INFO - run_pipeline - Pipeline started.
2026-02-17 11:52:44 - INFO - run_pipeline - Step 1: Running Scraper...
2026-02-17 11:53:09 - INFO - run_pipeline - Scraper completed.
2026-02-17 11:53:09 - INFO - run_pipeline - Step 2: Checking Data Quality...
2026-02-17 11:53:09 - INFO - run_pipeline - Data Quality Check completed.
2026-02-17 11:53:09 - INFO - run_pipeline - Checking retraining conditions...
2026-02-17 11:53:09 - INFO - run_pipeline - Time condition not met: Only 0 days since last training.
2026-02-17 11:53:09 - INFO - run_pipeline - Step 3: Skipping Training (No significant new data or drift).
2026-02-17 11:53:09 - INFO - run_pipeline - Step 4: Running Prediction...
2026-02-17 11:53:09 - INFO - predict - Loading data...
2026-02-17 11:53:09 - INFO - predict - Found items: ['Milk (1L)' 'Eggs (12)' 'Bread' 'Rice (1kg)' 'Cooking Oil (1L)']
2026-02-17 11:53:09 - INFO - predict - Predicting for Milk (1L)...
2026-02-17 11:53:09 - INFO - predict - Predicting for Eggs (12)...
2026-02-17 11:53:09 - INFO - predict - Predicting for Bread...
2026-02-17 11:53:09 - INFO - predict - Predicting for Rice (1kg)...
2026-02-17 11:53:09 - INFO - predict - Predicting for Cooking Oil (1L)...
2026-02-17 11:53:10 - INFO - predict - Detailed predictions saved to D:\Project\inflation-basket-tracker\inflation-basket\data\predictions_detailed.csv
2026-02-17 11:53:10 - INFO - predict - Aggregated predictions saved to D:\Project\inflation-basket-tracker\inflation-basket\data\predictions.csv
2026-02-17 11:53:10 - INFO - predict - Prediction preview:
         date  predicted_cost
0  2026-02-18      503.623576
1  2026-02-19      509.398781
2  2026-02-20      505.442451
3  2026-02-21      505.613278
4  2026-02-22      502.662100
2026-02-17 11:53:10 - INFO - run_pipeline - Prediction completed.
2026-02-17 11:53:10 - INFO - run_pipeline - Pipeline finished successfully.
2026-02-17 11:53:20 - INFO - performance_summary - Generating performance summary...
2026-02-17 11:53:20 - INFO - performance_summary - Performance summary saved to D:\Project\inflation-basket-tracker\inflation-basket\data\performance_summary.csv
2026-02-17 11:53:20 - INFO - performance_summary - Summary Preview:
               item  ...  last_updated
0             Bread  ...    2026-02-17
1  Cooking Oil (1L)  ...    2026-02-17
2         Eggs (12)  ...    2026-02-17
3         Milk (1L)  ...    2026-02-17
4        Rice (1kg)  ...    2026-02-17

[5 rows x 5 columns]
2026-02-17 11:55:51 - INFO - run_pipeline - Pipeline started.
2026-02-17 11:55:51 - INFO - run_pipeline - Step 1: Running Scraper...
2026-02-17 11:56:11 - INFO - run_pipeline - Scraper completed.
2026-02-17 11:56:11 - INFO - run_pipeline - Step 2: Checking Data Quality...
2026-02-17 11:56:11 - INFO - run_pipeline - Data Quality Check completed.
2026-02-17 11:56:11 - INFO - run_pipeline - Checking retraining conditions...
2026-02-17 11:56:11 - INFO - run_pipeline - Time condition not met: Only 0 days since last training.
2026-02-17 11:56:11 - INFO - run_pipeline - Step 3: Skipping Training (No significant new data or drift).
2026-02-17 11:56:11 - INFO - run_pipeline - Step 4: Running Prediction...
2026-02-17 11:56:11 - INFO - predict - Loading data...
2026-02-17 11:56:11 - INFO - predict - Found items: ['Milk (1L)' 'Eggs (12)' 'Bread' 'Rice (1kg)' 'Cooking Oil (1L)']
2026-02-17 11:56:11 - INFO - predict - Predicting for Milk (1L)...
2026-02-17 11:56:12 - INFO - predict - Predicting for Eggs (12)...
2026-02-17 11:56:12 - INFO - predict - Predicting for Bread...
2026-02-17 11:56:12 - INFO - predict - Predicting for Rice (1kg)...
2026-02-17 11:56:12 - INFO - predict - Predicting for Cooking Oil (1L)...
2026-02-17 11:56:13 - INFO - predict - Detailed predictions saved to D:\Project\inflation-basket-tracker\inflation-basket\data\predictions_detailed.csv
2026-02-17 11:56:13 - INFO - predict - Aggregated predictions saved to D:\Project\inflation-basket-tracker\inflation-basket\data\predictions.csv
2026-02-17 11:56:13 - INFO - predict - Prediction preview:
         date  predicted_cost
0  2026-02-18      503.623576
1  2026-02-19      509.398781
2  2026-02-20      505.442451
3  2026-02-21      505.613278
4  2026-02-22      502.662100
2026-02-17 11:56:13 - INFO - run_pipeline - Prediction completed.
2026-02-17 11:56:13 - INFO - run_pipeline - Pipeline finished successfully.
2026-02-17 11:57:36 - INFO - run_pipeline - Pipeline started.
2026-02-17 11:57:36 - INFO - run_pipeline - Step 1: Running Scraper...
2026-02-17 11:57:54 - INFO - run_pipeline - Scraper completed.
2026-02-17 11:57:54 - INFO - run_pipeline - Step 2: Checking Data Quality...
2026-02-17 11:57:54 - INFO - run_pipeline - Data Quality Check completed.
2026-02-17 11:57:54 - INFO - run_pipeline - Checking retraining conditions...
2026-02-17 11:57:54 - INFO - run_pipeline - Time condition not met: Only 0 days since last training.
2026-02-17 11:57:54 - INFO - run_pipeline - Step 3: Skipping Training (No significant new data or drift).
2026-02-17 11:57:54 - INFO - run_pipeline - Step 4: Running Prediction...
2026-02-17 11:57:54 - INFO - predict - Loading data...
2026-02-17 11:57:54 - INFO - predict - Found items: ['Milk (1L)' 'Eggs (12)' 'Bread' 'Rice (1kg)' 'Cooking Oil (1L)']
2026-02-17 11:57:54 - INFO - predict - Predicting for Milk (1L)...
2026-02-17 11:57:54 - INFO - predict - Predicting for Eggs (12)...
2026-02-17 11:57:54 - INFO - predict - Predicting for Bread...
2026-02-17 11:57:54 - INFO - predict - Predicting for Rice (1kg)...
2026-02-17 11:57:54 - INFO - predict - Predicting for Cooking Oil (1L)...
2026-02-17 11:57:54 - INFO - predict - Detailed predictions saved to D:\Project\inflation-basket-tracker\inflation-basket\data\predictions_detailed.csv
2026-02-17 11:57:54 - INFO - predict - Aggregated predictions saved to D:\Project\inflation-basket-tracker\inflation-basket\data\predictions.csv
2026-02-17 11:57:54 - INFO - predict - Prediction preview:
         date  predicted_cost
0  2026-02-18      503.623576
1  2026-02-19      509.398781
2  2026-02-20      505.442451
3  2026-02-21      505.613278
4  2026-02-22      502.662100
2026-02-17 11:57:54 - INFO - run_pipeline - Prediction completed.
2026-02-17 11:57:54 - INFO - run_pipeline - Pipeline finished successfully.
2026-02-17 11:59:23 - INFO - run_pipeline - Pipeline started.
2026-02-17 11:59:23 - INFO - run_pipeline - Step 1: Running Scraper...
2026-02-17 11:59:43 - INFO - run_pipeline - Scraper completed.
2026-02-17 11:59:43 - INFO - run_pipeline - Step 2: Checking Data Quality...
2026-02-17 11:59:43 - INFO - run_pipeline - Data Quality Check completed.
2026-02-17 11:59:43 - INFO - run_pipeline - Checking retraining conditions...
2026-02-17 11:59:43 - INFO - run_pipeline - Time condition not met: Only 0 days since last training.
2026-02-17 11:59:43 - INFO - run_pipeline - Step 3: Skipping Training (No significant new data or drift).
2026-02-17 11:59:43 - INFO - run_pipeline - Step 4: Running Prediction...
2026-02-17 11:59:43 - INFO - predict - Loading data...
2026-02-17 11:59:43 - INFO - predict - Found items: ['Milk (1L)' 'Eggs (12)' 'Bread' 'Rice (1kg)' 'Cooking Oil (1L)']
2026-02-17 11:59:43 - INFO - predict - Predicting for Milk (1L)...
2026-02-17 11:59:43 - INFO - predict - Predicting for Eggs (12)...
2026-02-17 11:59:43 - INFO - predict - Predicting for Bread...
2026-02-17 11:59:43 - INFO - predict - Predicting for Rice (1kg)...
2026-02-17 11:59:43 - INFO - predict - Predicting for Cooking Oil (1L)...
2026-02-17 11:59:43 - INFO - predict - Detailed predictions saved to D:\Project\inflation-basket-tracker\inflation-basket\data\predictions_detailed.csv
2026-02-17 11:59:43 - INFO - predict - Aggregated predictions saved to D:\Project\inflation-basket-tracker\inflation-basket\data\predictions.csv
2026-02-17 11:59:43 - INFO - predict - Prediction preview:
         date  predicted_cost
0  2026-02-18      503.623576
1  2026-02-19      509.398781
2  2026-02-20      505.442451
3  2026-02-21      505.613278
4  2026-02-22      502.662100
2026-02-17 11:59:43 - INFO - run_pipeline - Prediction completed.
2026-02-17 11:59:43 - INFO - run_pipeline - Pipeline finished successfully.
2026-02-17 12:02:19 - INFO - run_pipeline - Pipeline started.
2026-02-17 12:02:19 - INFO - run_pipeline - Step 1: Running Scraper...
2026-02-17 12:02:37 - INFO - run_pipeline - Scraper completed.
2026-02-17 12:02:37 - INFO - run_pipeline - Step 2: Checking Data Quality...
2026-02-17 12:02:37 - INFO - run_pipeline - Data Quality Check completed.
2026-02-17 12:02:37 - INFO - run_pipeline - Checking retraining conditions...
2026-02-17 12:02:37 - INFO - run_pipeline - Time condition not met: Only 0 days since last training.
2026-02-17 12:02:37 - INFO - run_pipeline - Step 3: Skipping Training (No significant new data or drift).
2026-02-17 12:02:37 - INFO - run_pipeline - Step 4: Running Prediction...
2026-02-17 12:02:37 - INFO - predict - Loading data...
2026-02-17 12:02:37 - INFO - predict - Found items: ['Milk (1L)' 'Eggs (12)' 'Bread' 'Rice (1kg)' 'Cooking Oil (1L)']
2026-02-17 12:02:37 - INFO - predict - Predicting for Milk (1L)...
2026-02-17 12:02:37 - INFO - predict - Predicting for Eggs (12)...
2026-02-17 12:02:37 - INFO - predict - Predicting for Bread...
2026-02-17 12:02:37 - INFO - predict - Predicting for Rice (1kg)...
2026-02-17 12:02:38 - INFO - predict - Predicting for Cooking Oil (1L)...
2026-02-17 12:02:38 - INFO - predict - Detailed predictions saved to D:\Project\inflation-basket-tracker\inflation-basket\data\predictions_detailed.csv
2026-02-17 12:02:38 - INFO - predict - Aggregated predictions saved to D:\Project\inflation-basket-tracker\inflation-basket\data\predictions.csv
2026-02-17 12:02:38 - INFO - predict - Prediction preview:
         date  predicted_cost
0  2026-02-18      503.623576
1  2026-02-19      509.398781
2  2026-02-20      505.442451
3  2026-02-21      505.613278
4  2026-02-22      502.662100
2026-02-17 12:02:38 - INFO - run_pipeline - Prediction completed.
2026-02-17 12:02:38 - INFO - run_pipeline - Pipeline finished successfully.
